#-----------------------------------------------------------
# Vivado v2017.3 (64-bit)
# SW Build 2018833 on Wed Oct  4 19:58:22 MDT 2017
# IP Build 2016188 on Wed Oct  4 21:52:56 MDT 2017
# Start of session at: Sat Dec  9 03:35:58 2017
# Process ID: 21720
# Current directory: D:/OneDrive/EECS 31L/Final/RISCV
# Command line: vivado.exe -gui_launcher_event rodinguilauncherevent21600 D:\OneDrive\EECS 31L\Final\RISCV\RISCV.xpr
# Log file: D:/OneDrive/EECS 31L/Final/RISCV/vivado.log
# Journal file: D:/OneDrive/EECS 31L/Final/RISCV\vivado.jou
#-----------------------------------------------------------
start_gui
open_project {D:/OneDrive/EECS 31L/Final/RISCV/RISCV.xpr}
update_compile_order -fileset sources_1
launch_simulation
source tb_RISC_V.tcl
add_wave {{/tb_RISC_V/tb_RISC_V/DP}} 
add_wave {{/tb_RISC_V/tb_RISC_V/DP/rf}} 
add_wave {{/tb_RISC_V/tb_RISC_V/DP/dm}} 
relaunch_sim
close_sim
launch_simulation
source tb_RISC_V.tcl
add_wave {{/tb_RISC_V/tb_RISC_V/DP}} 
add_wave {{/tb_RISC_V/tb_RISC_V/DP/dm}} 
add_wave {{/tb_RISC_V/tb_RISC_V/DP/rf}} 
relaunch_sim
close_sim
launch_simulation
source tb_RISC_V.tcl
add_wave {{/tb_RISC_V/tb_RISC_V/DP}} 
add_wave {{/tb_RISC_V/tb_RISC_V/DP/dm}} 
add_wave {{/tb_RISC_V/tb_RISC_V/DP/rf}} 
relaunch_sim
close_sim
launch_simulation
source tb_RISC_V.tcl
add_wave {{/tb_RISC_V/tb_RISC_V/DP}} 
add_wave {{/tb_RISC_V/tb_RISC_V/DP/rf}} 
add_wave {{/tb_RISC_V/tb_RISC_V/DP/dm}} 
relaunch_sim
close_sim
launch_simulation
source tb_RISC_V.tcl
add_wave {{/tb_RISC_V/tb_RISC_V/DP}} 
add_wave {{/tb_RISC_V/tb_RISC_V/DP/rf}} 
add_wave {{/tb_RISC_V/tb_RISC_V/DP/dm}} 
relaunch_sim
